// Jest Snapshot v1, https://goo.gl/fbAQLP

exports[`render a snapshot of the page 1`] = `
<div>
  <div
    class="App"
  >
    <div
      class="header"
    >
      <div
        class="logo"
      >
        <p>
          WeMovies
        </p>
      </div>
      <div
        class="cart"
      >
        <div
          class="wrapCart"
        >
          <div
            class="myCart"
          >
            <p>
              Meu Carrinho
            </p>
          </div>
          <div
            class="statusCart"
          >
            <p>
              0 itens
            </p>
          </div>
        </div>
        <div
          class="iconBasket"
        >
          <img
            alt="Icone de Cesta para Representar as Compras no Site"
            src="basket.svg"
          />
        </div>
      </div>
    </div>
    <section
      class="locadora"
    >
      <p>
         Aqui v√£o os filmes
      </p>
    </section>
  </div>
</div>
`;
